#
# There is insufficient memory for the Java Runtime Environment to continue.
# Native memory allocation (malloc) failed to allocate 1744496 bytes. Error detail: Chunk::new
# Possible reasons:
#   The system is out of physical RAM or swap space
#   This process is running with CompressedOops enabled, and the Java Heap may be blocking the growth of the native heap
# Possible solutions:
#   Reduce memory load on the system
#   Increase physical memory or swap space
#   Check if swap backing store is full
#   Decrease Java heap size (-Xmx/-Xms)
#   Decrease number of Java threads
#   Decrease Java thread stack sizes (-Xss)
#   Set larger code cache with -XX:ReservedCodeCacheSize=
#   JVM is running with Unscaled Compressed Oops mode in which the Java heap is
#     placed in the first 4GB address space. The Java Heap base address is the
#     maximum limit for the native heap growth. Please use -XX:HeapBaseMinAddress
#     to set the Java Heap base and to place the Java Heap above 4GB virtual address.
# This output file may be truncated or incomplete.
#
#  Out of Memory Error (arena.cpp:168), pid=16708, tid=15104
#
# JRE version: OpenJDK Runtime Environment Temurin-21.0.11+10 (21.0.11+10) (build 21.0.11+10-LTS)
# Java VM: OpenJDK 64-Bit Server VM Temurin-21.0.11+10 (21.0.11+10-LTS, mixed mode, sharing, tiered, compressed oops, compressed class ptrs, parallel gc, windows-amd64)
# No core dump will be written. Minidumps are not enabled by default on client versions of Windows
#

---------------  S U M M A R Y ------------

Command Line: --add-modules=ALL-SYSTEM --add-opens=java.base/java.util=ALL-UNNAMED --add-opens=java.base/java.lang=ALL-UNNAMED --add-opens=java.base/sun.nio.fs=ALL-UNNAMED -Declipse.application=org.eclipse.jdt.ls.core.id1 -Dosgi.bundles.defaultStartLevel=4 -Declipse.product=org.eclipse.jdt.ls.core.product -Djava.import.generatesMetadataFilesAtProjectRoot=false -DDetectVMInstallationsJob.disabled=true -Dfile.encoding=utf8 -XX:+UseParallelGC -XX:GCTimeRatio=4 -XX:AdaptiveSizePolicyWeight=90 -Dsun.zip.disableMemoryMapping=true -Xmx2G -Xms100m -Xlog:disable -javaagent:c:\Users\ASUS\.vscode\extensions\redhat.java-1.55.0-win32-x64\lombok\lombok-1.18.39-4050.jar -XX:+HeapDumpOnOutOfMemoryError -XX:HeapDumpPath=c:\Users\ASUS\AppData\Roaming\Code\User\workspaceStorage\7f8bfbe26b656d3680bbae974f87e4f4\redhat.java -Daether.dependencyCollector.impl=bf c:\Users\ASUS\.vscode\extensions\redhat.java-1.55.0-win32-x64\server\plugins\org.eclipse.equinox.launcher_1.7.200.v20260619-2039.jar -configuration c:\Users\ASUS\AppData\Roaming\Code\User\globalStorage\redhat.java\1.55.0\config_win -data c:\Users\ASUS\AppData\Roaming\Code\User\workspaceStorage\7f8bfbe26b656d3680bbae974f87e4f4\redhat.java\jdt_ws --pipe=\\.\pipe\lsp-1dea98a67b785a5291bfecd63404bea3-sock

Host: Intel(R) Core(TM) i5-8300H CPU @ 2.30GHz, 8 cores, 15G,  Windows 11 , 64 bit Build 26100 (10.0.26100.8737)
Time: Mon Jun 29 10:53:57 2026 elapsed time: 59.093656 seconds (0d 0h 0m 59s)

---------------  T H R E A D  ---------------

Current thread (0x000001d1e01b44b0):  JavaThread "C2 CompilerThread2" daemon [_thread_in_native, id=15104, stack(0x0000004eaa100000,0x0000004eaa200000) (1024K)]


Current CompileTask:
C2:59093 9737   !   4       org.eclipse.jdt.internal.compiler.classfmt.ClassFileReader::<init> (1968 bytes)

Stack: [0x0000004eaa100000,0x0000004eaa200000]
Native frames: (J=compiled Java code, j=interpreted, Vv=VM code, C=native code)
V  [jvm.dll+0x6d7e19]
V  [jvm.dll+0x8b5096]
V  [jvm.dll+0x8b764e]
V  [jvm.dll+0x8b7d33]
V  [jvm.dll+0x284596]
V  [jvm.dll+0xc685d]
V  [jvm.dll+0xc6da1]
V  [jvm.dll+0x3bed31]
V  [jvm.dll+0x1e3f42]
V  [jvm.dll+0x24c853]
V  [jvm.dll+0x24bce0]
V  [jvm.dll+0x1cb4ae]
V  [jvm.dll+0x25baad]
V  [jvm.dll+0x25a03a]
V  [jvm.dll+0x3f868e]
V  [jvm.dll+0x85fb0d]
V  [jvm.dll+0x6d664d]
C  [ucrtbase.dll+0x2cd30]
C  [KERNEL32.DLL+0x2e957]
C  [ntdll.dll+0xaad6c]


---------------  P R O C E S S  ---------------

Threads class SMR info:
_java_thread_list=0x000001d1e14ea270, length=40, elements={
0x000001d1fc8d15e0, 0x000001d1fc976e00, 0x000001d19630d0d0, 0x000001d196313ea0,
0x000001d196314cb0, 0x000001d196315710, 0x000001d196319190, 0x000001d19631cf10,
0x000001d1dd011370, 0x000001d1dd1fa7a0, 0x000001d1dd295b30, 0x000001d1dd937cb0,
0x000001d1ddbcd820, 0x000001d1ddbccb00, 0x000001d1ddbcc470, 0x000001d1ddbcd190,
0x000001d1de203bb0, 0x000001d1de200dc0, 0x000001d1de202800, 0x000001d1de202170,
0x000001d1de202e90, 0x000001d1de2048d0, 0x000001d1de201450, 0x000001d1de204f60,
0x000001d1de201ae0, 0x000001d1de2069a0, 0x000001d1de2083e0, 0x000001d1de206310,
0x000001d1de2055f0, 0x000001d1de205c80, 0x000001d1de207030, 0x000001d1de2076c0,
0x000001d1de207d50, 0x000001d1e1570570, 0x000001d1e156de10, 0x000001d1e1570c00,
0x000001d1e156e4a0, 0x000001d1e156eb30, 0x000001d1e01b3de0, 0x000001d1e01b44b0
}

Java Threads: ( => current thread )
  0x000001d1fc8d15e0 JavaThread "main"                              [_thread_blocked, id=3236, stack(0x0000004ea8a00000,0x0000004ea8b00000) (1024K)]
  0x000001d1fc976e00 JavaThread "Reference Handler"          daemon [_thread_blocked, id=9032, stack(0x0000004ea8e00000,0x0000004ea8f00000) (1024K)]
  0x000001d19630d0d0 JavaThread "Finalizer"                  daemon [_thread_blocked, id=1516, stack(0x0000004ea8f00000,0x0000004ea9000000) (1024K)]
  0x000001d196313ea0 JavaThread "Signal Dispatcher"          daemon [_thread_blocked, id=4720, stack(0x0000004ea9000000,0x0000004ea9100000) (1024K)]
  0x000001d196314cb0 JavaThread "Attach Listener"            daemon [_thread_blocked, id=3324, stack(0x0000004ea9100000,0x0000004ea9200000) (1024K)]
  0x000001d196315710 JavaThread "Service Thread"             daemon [_thread_blocked, id=12496, stack(0x0000004ea9200000,0x0000004ea9300000) (1024K)]
  0x000001d196319190 JavaThread "Monitor Deflation Thread"   daemon [_thread_blocked, id=21080, stack(0x0000004ea9300000,0x0000004ea9400000) (1024K)]
  0x000001d19631cf10 JavaThread "C2 CompilerThread0"         daemon [_thread_blocked, id=9004, stack(0x0000004ea9400000,0x0000004ea9500000) (1024K)]
  0x000001d1dd011370 JavaThread "C1 CompilerThread0"         daemon [_thread_blocked, id=3808, stack(0x0000004ea9500000,0x0000004ea9600000) (1024K)]
  0x000001d1dd1fa7a0 JavaThread "Common-Cleaner"             daemon [_thread_blocked, id=14680, stack(0x0000004ea9700000,0x0000004ea9800000) (1024K)]
  0x000001d1dd295b30 JavaThread "Notification Thread"        daemon [_thread_blocked, id=7908, stack(0x0000004ea9800000,0x0000004ea9900000) (1024K)]
  0x000001d1dd937cb0 JavaThread "Active Thread: Equinox Container: c5171939-79db-4f87-b6c5-2597efca7ccc"        [_thread_blocked, id=7476, stack(0x0000004ea9f00000,0x0000004eaa000000) (1024K)]
  0x000001d1ddbcd820 JavaThread "Framework Event Dispatcher: Equinox Container: c5171939-79db-4f87-b6c5-2597efca7ccc" daemon [_thread_blocked, id=12552, stack(0x0000004eaa600000,0x0000004eaa700000) (1024K)]
  0x000001d1ddbccb00 JavaThread "Start Level: Equinox Container: c5171939-79db-4f87-b6c5-2597efca7ccc" daemon [_thread_blocked, id=23240, stack(0x0000004eaa700000,0x0000004eaa800000) (1024K)]
  0x000001d1ddbcc470 JavaThread "Bundle File Closer"         daemon [_thread_blocked, id=20324, stack(0x0000004eaa900000,0x0000004eaaa00000) (1024K)]
  0x000001d1ddbcd190 JavaThread "Refresh Thread: Equinox Container: c5171939-79db-4f87-b6c5-2597efca7ccc" daemon [_thread_blocked, id=12824, stack(0x0000004ea9600000,0x0000004ea9700000) (1024K)]
  0x000001d1de203bb0 JavaThread "SCR Component Actor"        daemon [_thread_blocked, id=13384, stack(0x0000004eaab00000,0x0000004eaac00000) (1024K)]
  0x000001d1de200dc0 JavaThread "Worker-JM"                         [_thread_blocked, id=3600, stack(0x0000004eaaa00000,0x0000004eaab00000) (1024K)]
  0x000001d1de202800 JavaThread "Worker-0"                          [_thread_blocked, id=23512, stack(0x0000004eaae00000,0x0000004eaaf00000) (1024K)]
  0x000001d1de202170 JavaThread "Worker-1: Java indexing... "        [_thread_blocked, id=18908, stack(0x0000004eaaf00000,0x0000004eab000000) (1024K)]
  0x000001d1de202e90 JavaThread "Java indexing"              daemon [_thread_blocked, id=4352, stack(0x0000004eab200000,0x0000004eab300000) (1024K)]
  0x000001d1de2048d0 JavaThread "Worker-2"                          [_thread_blocked, id=9068, stack(0x0000004eab300000,0x0000004eab400000) (1024K)]
  0x000001d1de201450 JavaThread "Worker-3: Validate documents"        [_thread_blocked, id=10452, stack(0x0000004eab400000,0x0000004eab500000) (1024K)]
  0x000001d1de204f60 JavaThread "JNA Cleaner"                daemon [_thread_blocked, id=2904, stack(0x0000004eab500000,0x0000004eab600000) (1024K)]
  0x000001d1de201ae0 JavaThread "Worker-4: Initialize workspace"        [_thread_blocked, id=20228, stack(0x0000004eab800000,0x0000004eab900000) (1024K)]
  0x000001d1de2069a0 JavaThread "Thread-1"                   daemon [_thread_in_native, id=3196, stack(0x0000004eab900000,0x0000004eaba00000) (1024K)]
  0x000001d1de2083e0 JavaThread "Thread-2"                   daemon [_thread_in_native, id=20044, stack(0x0000004eaba00000,0x0000004eabb00000) (1024K)]
  0x000001d1de206310 JavaThread "Thread-3"                   daemon [_thread_in_native, id=21352, stack(0x0000004eabb00000,0x0000004eabc00000) (1024K)]
  0x000001d1de2055f0 JavaThread "Thread-4"                   daemon [_thread_in_native, id=22032, stack(0x0000004eabc00000,0x0000004eabd00000) (1024K)]
  0x000001d1de205c80 JavaThread "Thread-5"                   daemon [_thread_in_native, id=20604, stack(0x0000004eabd00000,0x0000004eabe00000) (1024K)]
  0x000001d1de207030 JavaThread "Thread-6"                   daemon [_thread_in_native, id=22416, stack(0x0000004eabe00000,0x0000004eabf00000) (1024K)]
  0x000001d1de2076c0 JavaThread "Thread-7"                   daemon [_thread_in_native, id=21716, stack(0x0000004eabf00000,0x0000004eac000000) (1024K)]
  0x000001d1de207d50 JavaThread "Thread-8"                   daemon [_thread_blocked, id=17116, stack(0x0000004eac000000,0x0000004eac100000) (1024K)]
  0x000001d1e1570570 JavaThread "Thread-9"                   daemon [_thread_in_native, id=3504, stack(0x0000004eac100000,0x0000004eac200000) (1024K)]
  0x000001d1e156de10 JavaThread "Worker-5"                          [_thread_blocked, id=21108, stack(0x0000004eac200000,0x0000004eac300000) (1024K)]
  0x000001d1e1570c00 JavaThread "pool-2-thread-1"                   [_thread_blocked, id=14980, stack(0x0000004eac300000,0x0000004eac400000) (1024K)]
  0x000001d1e156e4a0 JavaThread "WorkspaceEventsHandler"            [_thread_blocked, id=836, stack(0x0000004eac400000,0x0000004eac500000) (1024K)]
  0x000001d1e156eb30 JavaThread "pool-1-thread-1"                   [_thread_blocked, id=23080, stack(0x0000004eac500000,0x0000004eac600000) (1024K)]
  0x000001d1e01b3de0 JavaThread "C2 CompilerThread1"         daemon [_thread_blocked, id=3880, stack(0x0000004eaa000000,0x0000004eaa100000) (1024K)]
=>0x000001d1e01b44b0 JavaThread "C2 CompilerThread2"         daemon [_thread_in_native, id=15104, stack(0x0000004eaa100000,0x0000004eaa200000) (1024K)]
Total: 40

Other Threads:
  0x000001d1fc966280 VMThread "VM Thread"                           [id=4740, stack(0x0000004ea8d00000,0x0000004ea8e00000) (1024K)]
  0x000001d19621ca00 WatcherThread "VM Periodic Task Thread"        [id=13444, stack(0x0000004ea8c00000,0x0000004ea8d00000) (1024K)]
  0x000001d1fc8e1ad0 WorkerThread "GC Thread#0"                     [id=8960, stack(0x0000004ea8b00000,0x0000004ea8c00000) (1024K)]
  0x000001d1dda0e2d0 WorkerThread "GC Thread#1"                     [id=23308, stack(0x0000004ea9900000,0x0000004ea9a00000) (1024K)]
  0x000001d1dda0e680 WorkerThread "GC Thread#2"                     [id=5072, stack(0x0000004ea9a00000,0x0000004ea9b00000) (1024K)]
  0x000001d1dd8ea9a0 WorkerThread "GC Thread#3"                     [id=22096, stack(0x0000004ea9b00000,0x0000004ea9c00000) (1024K)]
  0x000001d1dd8ead50 WorkerThread "GC Thread#4"                     [id=5996, stack(0x0000004ea9c00000,0x0000004ea9d00000) (1024K)]
  0x000001d1dd8eb100 WorkerThread "GC Thread#5"                     [id=21404, stack(0x0000004ea9d00000,0x0000004ea9e00000) (1024K)]
  0x000001d1dd8eb4b0 WorkerThread "GC Thread#6"                     [id=19956, stack(0x0000004ea9e00000,0x0000004ea9f00000) (1024K)]
  0x000001d1dda1e850 WorkerThread "GC Thread#7"                     [id=12472, stack(0x0000004eaa800000,0x0000004eaa900000) (1024K)]
Total: 10

Threads with active compile tasks:
C2 CompilerThread0  59147 9890   !   4       org.eclipse.jdt.internal.core.search.indexing.BinaryIndexer::indexDocument (1172 bytes)
C1 CompilerThread0  59147 9961 %     3       org.lombokweb.asm.ClassReader::readCode @ 2037 (5117 bytes)
C2 CompilerThread1  59147 9958       4       lombok.patcher.PatchScript$MethodPatcher::visitMethod (158 bytes)
C2 CompilerThread2  59147 9737   !   4       org.eclipse.jdt.internal.compiler.classfmt.ClassFileReader::<init> (1968 bytes)
Total: 4

VM state: at safepoint (normal execution)

VM Mutex/Monitor currently owned by a thread:  ([mutex/lock_event])
[0x00007ffa72baf570] Threads_lock - owner thread: 0x000001d1fc966280
[0x00007ffa72baf670] Heap_lock - owner thread: 0x000001d1e156eb30

Heap address: 0x0000000080000000, size: 2048 MB, Compressed Oops mode: 32-bit

CDS archive(s) mapped at: [0x000001d197000000-0x000001d197ba0000-0x000001d197ba0000), size 12189696, SharedBaseAddress: 0x000001d197000000, ArchiveRelocationMode: 1.
Compressed class space mapped at: 0x000001d198000000-0x000001d1d8000000, reserved size: 1073741824
Narrow klass base: 0x000001d197000000, Narrow klass shift: 0, Narrow klass range: 0x100000000

GC Precious Log:
 CardTable entry size: 512
 CPUs: 8 total, 8 available
 Memory: 16236M
 Large Page Support: Disabled
 NUMA Support: Disabled
 Compressed Oops: Enabled (32-bit)
 Alignments: Space 512K, Generation 512K, Heap 2M
 Heap Min Capacity: 100M
 Heap Initial Capacity: 100M
 Heap Max Capacity: 2G
 Pre-touch: Disabled
 Parallel Workers: 8

Heap:
 PSYoungGen      total 3072K, used 1014K [0x00000000d5580000, 0x00000000d5980000, 0x0000000100000000)
  eden space 2048K, 0% used [0x00000000d5580000,0x00000000d5580000,0x00000000d5780000)
  from space 1024K, 99% used [0x00000000d5880000,0x00000000d597d9e8,0x00000000d5980000)
  to   space 512K, 0% used [0x00000000d5800000,0x00000000d5800000,0x00000000d5880000)
 ParOldGen       total 262144K, used 136842K [0x0000000080000000, 0x0000000090000000, 0x00000000d5580000)
  object space 262144K, 52% used [0x0000000080000000,0x00000000885a2be8,0x0000000090000000)
 Metaspace       used 61594K, committed 62848K, reserved 1114112K
  class space    used 6704K, committed 7232K, reserved 1048576K

Card table byte_map: [0x000001d1fe4c0000,0x000001d1fe8d0000] _byte_map_base: 0x000001d1fe0c0000

Marking Bits: (ParMarkBitMap*) 0x00007ffa72bb4460
 Begin Bits: [0x000001d192140000, 0x000001d194140000)
 End Bits:   [0x000001d194140000, 0x000001d196140000)

Polling page: 0x000001d1fcd20000

Metaspace:

Usage:
  Non-class:     53.60 MB used.
      Class:      6.55 MB used.
       Both:     60.15 MB used.

Virtual space:
  Non-class space:       64.00 MB reserved,      54.31 MB ( 85%) committed,  1 nodes.
      Class space:        1.00 GB reserved,       7.06 MB ( <1%) committed,  1 nodes.
             Both:        1.06 GB reserved,      61.38 MB (  6%) committed. 

Chunk freelists:
   Non-Class:  9.00 MB
       Class:  8.97 MB
        Both:  17.97 MB

MaxMetaspaceSize: unlimited
CompressedClassSpaceSize: 1.00 GB
Initial GC threshold: 21.00 MB
Current GC threshold: 97.31 MB
CDS: on
 - commit_granule_bytes: 65536.
 - commit_granule_words: 8192.
 - virtual_space_node_default_size: 8388608.
 - enlarge_chunks_in_place: 1.
 - use_allocation_guard: 0.


Internal statistics:

num_allocs_failed_limit: 9.
num_arena_births: 936.
num_arena_deaths: 22.
num_vsnodes_births: 2.
num_vsnodes_deaths: 0.
num_space_committed: 981.
num_space_uncommitted: 0.
num_chunks_returned_to_freelist: 33.
num_chunks_taken_from_freelist: 3529.
num_chunk_merges: 14.
num_chunk_splits: 2171.
num_chunks_enlarged: 1272.
num_inconsistent_stats: 0.

CodeHeap 'non-profiled nmethods': size=120000Kb used=6473Kb max_used=6473Kb free=113527Kb
 bounds [0x000001d18ac10000, 0x000001d18b270000, 0x000001d192140000]
CodeHeap 'profiled nmethods': size=120000Kb used=19198Kb max_used=19198Kb free=100801Kb
 bounds [0x000001d183140000, 0x000001d184400000, 0x000001d18a670000]
CodeHeap 'non-nmethods': size=5760Kb used=1461Kb max_used=1559Kb free=4298Kb
 bounds [0x000001d18a670000, 0x000001d18a8e0000, 0x000001d18ac10000]
CodeCache: size=245760Kb, used=27132Kb, max_used=27230Kb, free=218626Kb
 total_blobs=9883, nmethods=9105, adapters=684, full_count=0
Compilation: enabled, stopped_count=0, restarted_count=0

Compilation events (20 events):
Event: 57.967 Thread 0x000001d1dd011370 nmethod 9948 0x000001d1843df110 code [0x000001d1843df300, 0x000001d1843df7d8]
Event: 57.967 Thread 0x000001d1dd011370 9946       2       org.lombokweb.asm.ClassReader::getTypeAnnotationBytecodeOffset (34 bytes)
Event: 57.967 Thread 0x000001d1dd011370 nmethod 9946 0x000001d1843dfb10 code [0x000001d1843dfcc0, 0x000001d1843dfe90]
Event: 57.969 Thread 0x000001d1dd011370 9954 %     3       org.lombokweb.asm.ClassReader::readCode @ 1738 (5117 bytes)
Event: 57.982 Thread 0x000001d1e01b3de0 nmethod 9943 0x000001d18b25e710 code [0x000001d18b25e9c0, 0x000001d18b25f700]
Event: 57.982 Thread 0x000001d1e01b3de0 9951       4       java.util.regex.Matcher::search (154 bytes)
Event: 57.989 Thread 0x000001d1e01b3de0 nmethod 9951 0x000001d18b260110 code [0x000001d18b2602c0, 0x000001d18b260530]
Event: 57.989 Thread 0x000001d1e01b3de0 9945   !   4       java.util.concurrent.ConcurrentHashMap::computeIfAbsent (576 bytes)
Event: 58.014 Thread 0x000001d1dd011370 nmethod 9954% 0x000001d1843e0010 code [0x000001d1843e1600, 0x000001d1843f3ae0]
Event: 58.015 Thread 0x000001d1dd011370 9957       3       lombok.patcher.scripts.WrapMethodCallScript$WrapMethodCall::visitMethodInsn (310 bytes)
Event: 58.015 Thread 0x000001d1e01b3de0 nmethod 9945 0x000001d18b260690 code [0x000001d18b2608c0, 0x000001d18b261a78]
Event: 58.016 Thread 0x000001d1e01b3de0 9958       4       lombok.patcher.PatchScript$MethodPatcher::visitMethod (158 bytes)
Event: 58.017 Thread 0x000001d1dd011370 nmethod 9957 0x000001d1843fc090 code [0x000001d1843fc4e0, 0x000001d1843fdeb8]
Event: 58.017 Thread 0x000001d1dd011370 9956       2       org.lombokweb.asm.MethodWriter::visitCode (1 bytes)
Event: 58.017 Thread 0x000001d1dd011370 nmethod 9956 0x000001d1843fe990 code [0x000001d1843feb20, 0x000001d1843fec28]
Event: 58.017 Thread 0x000001d1dd011370 9955       2       org.lombokweb.asm.MethodWriter::visitEnd (1 bytes)
Event: 58.018 Thread 0x000001d1dd011370 nmethod 9955 0x000001d1843fec90 code [0x000001d1843fee20, 0x000001d1843fef28]
Event: 58.019 Thread 0x000001d1dd011370 9960       3       org.lombokweb.asm.ClassReader::getFirstAttributeOffset (136 bytes)
Event: 58.019 Thread 0x000001d1dd011370 nmethod 9960 0x000001d1843fef90 code [0x000001d1843ff1c0, 0x000001d1843ff7e0]
Event: 58.019 Thread 0x000001d1dd011370 9961 %     3       org.lombokweb.asm.ClassReader::readCode @ 2037 (5117 bytes)

GC Heap History (20 events):
Event: 57.930 GC heap after
{Heap after GC invocations=1165 (full 3):
 PSYoungGen      total 4608K, used 1468K [0x00000000d5580000, 0x00000000d5b80000, 0x0000000100000000)
  eden space 3072K, 0% used [0x00000000d5580000,0x00000000d5580000,0x00000000d5880000)
  from space 1536K, 95% used [0x00000000d5a00000,0x00000000d5b6f1f0,0x00000000d5b80000)
  to   space 1536K, 0% used [0x00000000d5880000,0x00000000d5880000,0x00000000d5a00000)
 ParOldGen       total 262144K, used 131521K [0x0000000080000000, 0x0000000090000000, 0x00000000d5580000)
  object space 262144K, 50% used [0x0000000080000000,0x0000000088070430,0x0000000090000000)
 Metaspace       used 61584K, committed 62848K, reserved 1114112K
  class space    used 6704K, committed 7232K, reserved 1048576K
}
Event: 57.941 GC heap before
{Heap before GC invocations=1166 (full 3):
 PSYoungGen      total 4608K, used 4516K [0x00000000d5580000, 0x00000000d5b80000, 0x0000000100000000)
  eden space 3072K, 99% used [0x00000000d5580000,0x00000000d587a198,0x00000000d5880000)
  from space 1536K, 95% used [0x00000000d5a00000,0x00000000d5b6f1f0,0x00000000d5b80000)
  to   space 1536K, 0% used [0x00000000d5880000,0x00000000d5880000,0x00000000d5a00000)
 ParOldGen       total 262144K, used 131521K [0x0000000080000000, 0x0000000090000000, 0x00000000d5580000)
  object space 262144K, 50% used [0x0000000080000000,0x0000000088070430,0x0000000090000000)
 Metaspace       used 61589K, committed 62848K, reserved 1114112K
  class space    used 6704K, committed 7232K, reserved 1048576K
}
Event: 57.942 GC heap after
{Heap after GC invocations=1166 (full 3):
 PSYoungGen      total 4096K, used 760K [0x00000000d5580000, 0x00000000d5a80000, 0x0000000100000000)
  eden space 3072K, 0% used [0x00000000d5580000,0x00000000d5580000,0x00000000d5880000)
  from space 1024K, 74% used [0x00000000d5880000,0x00000000d593e340,0x00000000d5980000)
  to   space 1024K, 0% used [0x00000000d5980000,0x00000000d5980000,0x00000000d5a80000)
 ParOldGen       total 262144K, used 132847K [0x0000000080000000, 0x0000000090000000, 0x00000000d5580000)
  object space 262144K, 50% used [0x0000000080000000,0x00000000881bbf08,0x0000000090000000)
 Metaspace       used 61589K, committed 62848K, reserved 1114112K
  class space    used 6704K, committed 7232K, reserved 1048576K
}
Event: 57.947 GC heap before
{Heap before GC invocations=1167 (full 3):
 PSYoungGen      total 4096K, used 3832K [0x00000000d5580000, 0x00000000d5a80000, 0x0000000100000000)
  eden space 3072K, 100% used [0x00000000d5580000,0x00000000d5880000,0x00000000d5880000)
  from space 1024K, 74% used [0x00000000d5880000,0x00000000d593e340,0x00000000d5980000)
  to   space 1024K, 0% used [0x00000000d5980000,0x00000000d5980000,0x00000000d5a80000)
 ParOldGen       total 262144K, used 132847K [0x0000000080000000, 0x0000000090000000, 0x00000000d5580000)
  object space 262144K, 50% used [0x0000000080000000,0x00000000881bbf08,0x0000000090000000)
 Metaspace       used 61589K, committed 62848K, reserved 1114112K
  class space    used 6704K, committed 7232K, reserved 1048576K
}
Event: 57.948 GC heap after
{Heap after GC invocations=1167 (full 3):
 PSYoungGen      total 2560K, used 1000K [0x00000000d5580000, 0x00000000d5d80000, 0x0000000100000000)
  eden space 1536K, 0% used [0x00000000d5580000,0x00000000d5580000,0x00000000d5700000)
  from space 1024K, 97% used [0x00000000d5980000,0x00000000d5a7a010,0x00000000d5a80000)
  to   space 2560K, 0% used [0x00000000d5700000,0x00000000d5700000,0x00000000d5980000)
 ParOldGen       total 262144K, used 133819K [0x0000000080000000, 0x0000000090000000, 0x00000000d5580000)
  object space 262144K, 51% used [0x0000000080000000,0x00000000882aee68,0x0000000090000000)
 Metaspace       used 61589K, committed 62848K, reserved 1114112K
  class space    used 6704K, committed 7232K, reserved 1048576K
}
Event: 57.952 GC heap before
{Heap before GC invocations=1168 (full 3):
 PSYoungGen      total 2560K, used 2536K [0x00000000d5580000, 0x00000000d5d80000, 0x0000000100000000)
  eden space 1536K, 100% used [0x00000000d5580000,0x00000000d5700000,0x00000000d5700000)
  from space 1024K, 97% used [0x00000000d5980000,0x00000000d5a7a010,0x00000000d5a80000)
  to   space 2560K, 0% used [0x00000000d5700000,0x00000000d5700000,0x00000000d5980000)
 ParOldGen       total 262144K, used 133819K [0x0000000080000000, 0x0000000090000000, 0x00000000d5580000)
  object space 262144K, 51% used [0x0000000080000000,0x00000000882aee68,0x0000000090000000)
 Metaspace       used 61589K, committed 62848K, reserved 1114112K
  class space    used 6704K, committed 7232K, reserved 1048576K
}
Event: 57.953 GC heap after
{Heap after GC invocations=1168 (full 3):
 PSYoungGen      total 2560K, used 936K [0x00000000d5580000, 0x00000000d5a00000, 0x0000000100000000)
  eden space 1536K, 0% used [0x00000000d5580000,0x00000000d5580000,0x00000000d5700000)
  from space 1024K, 91% used [0x00000000d5700000,0x00000000d57ea3f0,0x00000000d5800000)
  to   space 1536K, 0% used [0x00000000d5880000,0x00000000d5880000,0x00000000d5a00000)
 ParOldGen       total 262144K, used 134343K [0x0000000080000000, 0x0000000090000000, 0x00000000d5580000)
  object space 262144K, 51% used [0x0000000080000000,0x0000000088331d00,0x0000000090000000)
 Metaspace       used 61589K, committed 62848K, reserved 1114112K
  class space    used 6704K, committed 7232K, reserved 1048576K
}
Event: 57.957 GC heap before
{Heap before GC invocations=1169 (full 3):
 PSYoungGen      total 2560K, used 2467K [0x00000000d5580000, 0x00000000d5a00000, 0x0000000100000000)
  eden space 1536K, 99% used [0x00000000d5580000,0x00000000d56fea48,0x00000000d5700000)
  from space 1024K, 91% used [0x00000000d5700000,0x00000000d57ea3f0,0x00000000d5800000)
  to   space 1536K, 0% used [0x00000000d5880000,0x00000000d5880000,0x00000000d5a00000)
 ParOldGen       total 262144K, used 134343K [0x0000000080000000, 0x0000000090000000, 0x00000000d5580000)
  object space 262144K, 51% used [0x0000000080000000,0x0000000088331d00,0x0000000090000000)
 Metaspace       used 61589K, committed 62848K, reserved 1114112K
  class space    used 6704K, committed 7232K, reserved 1048576K
}
Event: 57.959 GC heap after
{Heap after GC invocations=1169 (full 3):
 PSYoungGen      total 3072K, used 554K [0x00000000d5580000, 0x00000000d5980000, 0x0000000100000000)
  eden space 2048K, 0% used [0x00000000d5580000,0x00000000d5580000,0x00000000d5780000)
  from space 1024K, 54% used [0x00000000d5880000,0x00000000d590abc0,0x00000000d5980000)
  to   space 1024K, 0% used [0x00000000d5780000,0x00000000d5780000,0x00000000d5880000)
 ParOldGen       total 262144K, used 135084K [0x0000000080000000, 0x0000000090000000, 0x00000000d5580000)
  object space 262144K, 51% used [0x0000000080000000,0x00000000883eb298,0x0000000090000000)
 Metaspace       used 61589K, committed 62848K, reserved 1114112K
  class space    used 6704K, committed 7232K, reserved 1048576K
}
Event: 57.965 GC heap before
{Heap before GC invocations=1170 (full 3):
 PSYoungGen      total 3072K, used 2602K [0x00000000d5580000, 0x00000000d5980000, 0x0000000100000000)
  eden space 2048K, 100% used [0x00000000d5580000,0x00000000d5780000,0x00000000d5780000)
  from space 1024K, 54% used [0x00000000d5880000,0x00000000d590abc0,0x00000000d5980000)
  to   space 1024K, 0% used [0x00000000d5780000,0x00000000d5780000,0x00000000d5880000)
 ParOldGen       total 262144K, used 135084K [0x0000000080000000, 0x0000000090000000, 0x00000000d5580000)
  object space 262144K, 51% used [0x0000000080000000,0x00000000883eb298,0x0000000090000000)
 Metaspace       used 61592K, committed 62848K, reserved 1114112K
  class space    used 6704K, committed 7232K, reserved 1048576K
}
Event: 57.966 GC heap after
{Heap after GC invocations=1170 (full 3):
 PSYoungGen      total 3072K, used 416K [0x00000000d5580000, 0x00000000d5900000, 0x0000000100000000)
  eden space 2048K, 0% used [0x00000000d5580000,0x00000000d5580000,0x00000000d5780000)
  from space 1024K, 40% used [0x00000000d5780000,0x00000000d57e8000,0x00000000d5880000)
  to   space 512K, 0% used [0x00000000d5880000,0x00000000d5880000,0x00000000d5900000)
 ParOldGen       total 262144K, used 135534K [0x0000000080000000, 0x0000000090000000, 0x00000000d5580000)
  object space 262144K, 51% used [0x0000000080000000,0x000000008845ba18,0x0000000090000000)
 Metaspace       used 61592K, committed 62848K, reserved 1114112K
  class space    used 6704K, committed 7232K, reserved 1048576K
}
Event: 57.975 GC heap before
{Heap before GC invocations=1171 (full 3):
 PSYoungGen      total 3072K, used 2463K [0x00000000d5580000, 0x00000000d5900000, 0x0000000100000000)
  eden space 2048K, 99% used [0x00000000d5580000,0x00000000d577fff0,0x00000000d5780000)
  from space 1024K, 40% used [0x00000000d5780000,0x00000000d57e8000,0x00000000d5880000)
  to   space 512K, 0% used [0x00000000d5880000,0x00000000d5880000,0x00000000d5900000)
 ParOldGen       total 262144K, used 135534K [0x0000000080000000, 0x0000000090000000, 0x00000000d5580000)
  object space 262144K, 51% used [0x0000000080000000,0x000000008845ba18,0x0000000090000000)
 Metaspace       used 61593K, committed 62848K, reserved 1114112K
  class space    used 6704K, committed 7232K, reserved 1048576K
}
Event: 57.976 GC heap after
{Heap after GC invocations=1171 (full 3):
 PSYoungGen      total 2048K, used 495K [0x00000000d5580000, 0x00000000d5a80000, 0x0000000100000000)
  eden space 1536K, 0% used [0x00000000d5580000,0x00000000d5580000,0x00000000d5700000)
  from space 512K, 96% used [0x00000000d5880000,0x00000000d58fbf88,0x00000000d5900000)
  to   space 1536K, 0% used [0x00000000d5700000,0x00000000d5700000,0x00000000d5880000)
 ParOldGen       total 262144K, used 136163K [0x0000000080000000, 0x0000000090000000, 0x00000000d5580000)
  object space 262144K, 51% used [0x0000000080000000,0x00000000884f8c58,0x0000000090000000)
 Metaspace       used 61593K, committed 62848K, reserved 1114112K
  class space    used 6704K, committed 7232K, reserved 1048576K
}
Event: 57.979 GC heap before
{Heap before GC invocations=1172 (full 3):
 PSYoungGen      total 2048K, used 2031K [0x00000000d5580000, 0x00000000d5a80000, 0x0000000100000000)
  eden space 1536K, 100% used [0x00000000d5580000,0x00000000d5700000,0x00000000d5700000)
  from space 512K, 96% used [0x00000000d5880000,0x00000000d58fbf88,0x00000000d5900000)
  to   space 1536K, 0% used [0x00000000d5700000,0x00000000d5700000,0x00000000d5880000)
 ParOldGen       total 262144K, used 136163K [0x0000000080000000, 0x0000000090000000, 0x00000000d5580000)
  object space 262144K, 51% used [0x0000000080000000,0x00000000884f8c58,0x0000000090000000)
 Metaspace       used 61593K, committed 62848K, reserved 1114112K
  class space    used 6704K, committed 7232K, reserved 1048576K
}
Event: 57.981 GC heap after
{Heap after GC invocations=1172 (full 3):
 PSYoungGen      total 3072K, used 1014K [0x00000000d5580000, 0x00000000d5a80000, 0x0000000100000000)
  eden space 1536K, 0% used [0x00000000d5580000,0x00000000d5580000,0x00000000d5700000)
  from space 1536K, 66% used [0x00000000d5700000,0x00000000d57fd9b0,0x00000000d5880000)
  to   space 1536K, 0% used [0x00000000d5900000,0x00000000d5900000,0x00000000d5a80000)
 ParOldGen       total 262144K, used 136396K [0x0000000080000000, 0x0000000090000000, 0x00000000d5580000)
  object space 262144K, 52% used [0x0000000080000000,0x0000000088533098,0x0000000090000000)
 Metaspace       used 61593K, committed 62848K, reserved 1114112K
  class space    used 6704K, committed 7232K, reserved 1048576K
}
Event: 57.983 GC heap before
{Heap before GC invocations=1173 (full 3):
 PSYoungGen      total 3072K, used 2550K [0x00000000d5580000, 0x00000000d5a80000, 0x0000000100000000)
  eden space 1536K, 100% used [0x00000000d5580000,0x00000000d5700000,0x00000000d5700000)
  from space 1536K, 66% used [0x00000000d5700000,0x00000000d57fd9b0,0x00000000d5880000)
  to   space 1536K, 0% used [0x00000000d5900000,0x00000000d5900000,0x00000000d5a80000)
 ParOldGen       total 262144K, used 136396K [0x0000000080000000, 0x0000000090000000, 0x00000000d5580000)
  object space 262144K, 52% used [0x0000000080000000,0x0000000088533098,0x0000000090000000)
 Metaspace       used 61593K, committed 62848K, reserved 1114112K
  class space    used 6704K, committed 7232K, reserved 1048576K
}
Event: 57.985 GC heap after
{Heap after GC invocations=1173 (full 3):
 PSYoungGen      total 3072K, used 722K [0x00000000d5580000, 0x00000000d5a00000, 0x0000000100000000)
  eden space 2048K, 0% used [0x00000000d5580000,0x00000000d5580000,0x00000000d5780000)
  from space 1024K, 70% used [0x00000000d5900000,0x00000000d59b4968,0x00000000d5a00000)
  to   space 1024K, 0% used [0x00000000d5800000,0x00000000d5800000,0x00000000d5900000)
 ParOldGen       total 262144K, used 136685K [0x0000000080000000, 0x0000000090000000, 0x00000000d5580000)
  object space 262144K, 52% used [0x0000000080000000,0x000000008857b598,0x0000000090000000)
 Metaspace       used 61593K, committed 62848K, reserved 1114112K
  class space    used 6704K, committed 7232K, reserved 1048576K
}
Event: 58.013 GC heap before
{Heap before GC invocations=1174 (full 3):
 PSYoungGen      total 3072K, used 2746K [0x00000000d5580000, 0x00000000d5a00000, 0x0000000100000000)
  eden space 2048K, 98% used [0x00000000d5580000,0x00000000d577a288,0x00000000d5780000)
  from space 1024K, 70% used [0x00000000d5900000,0x00000000d59b4968,0x00000000d5a00000)
  to   space 1024K, 0% used [0x00000000d5800000,0x00000000d5800000,0x00000000d5900000)
 ParOldGen       total 262144K, used 136685K [0x0000000080000000, 0x0000000090000000, 0x00000000d5580000)
  object space 262144K, 52% used [0x0000000080000000,0x000000008857b598,0x0000000090000000)
 Metaspace       used 61593K, committed 62848K, reserved 1114112K
  class space    used 6704K, committed 7232K, reserved 1048576K
}
Event: 58.014 GC heap after
{Heap after GC invocations=1174 (full 3):
 PSYoungGen      total 2560K, used 463K [0x00000000d5580000, 0x00000000d5980000, 0x0000000100000000)
  eden space 2048K, 0% used [0x00000000d5580000,0x00000000d5580000,0x00000000d5780000)
  from space 512K, 90% used [0x00000000d5800000,0x00000000d5873fb0,0x00000000d5880000)
  to   space 1024K, 0% used [0x00000000d5880000,0x00000000d5880000,0x00000000d5980000)
 ParOldGen       total 262144K, used 136826K [0x0000000080000000, 0x0000000090000000, 0x00000000d5580000)
  object space 262144K, 52% used [0x0000000080000000,0x000000008859ebe8,0x0000000090000000)
 Metaspace       used 61593K, committed 62848K, reserved 1114112K
  class space    used 6704K, committed 7232K, reserved 1048576K
}
Event: 58.028 GC heap before
{Heap before GC invocations=1175 (full 3):
 PSYoungGen      total 2560K, used 2511K [0x00000000d5580000, 0x00000000d5980000, 0x0000000100000000)
  eden space 2048K, 100% used [0x00000000d5580000,0x00000000d5780000,0x00000000d5780000)
  from space 512K, 90% used [0x00000000d5800000,0x00000000d5873fb0,0x00000000d5880000)
  to   space 1024K, 0% used [0x00000000d5880000,0x00000000d5880000,0x00000000d5980000)
 ParOldGen       total 262144K, used 136826K [0x0000000080000000, 0x0000000090000000, 0x00000000d5580000)
  object space 262144K, 52% used [0x0000000080000000,0x000000008859ebe8,0x0000000090000000)
 Metaspace       used 61594K, committed 62848K, reserved 1114112K
  class space    used 6704K, committed 7232K, reserved 1048576K
}

Dll operation events (14 events):
Event: 0.016 Loaded shared library c:\Users\ASUS\.vscode\extensions\redhat.java-1.55.0-win32-x64\jre\21.0.11-win32-x86_64\bin\java.dll
Event: 0.105 Loaded shared library c:\Users\ASUS\.vscode\extensions\redhat.java-1.55.0-win32-x64\jre\21.0.11-win32-x86_64\bin\zip.dll
Event: 0.137 Loaded shared library C:\Users\ASUS\.vscode\extensions\redhat.java-1.55.0-win32-x64\jre\21.0.11-win32-x86_64\bin\instrument.dll
Event: 0.143 Loaded shared library C:\Users\ASUS\.vscode\extensions\redhat.java-1.55.0-win32-x64\jre\21.0.11-win32-x86_64\bin\net.dll
Event: 0.146 Loaded shared library C:\Users\ASUS\.vscode\extensions\redhat.java-1.55.0-win32-x64\jre\21.0.11-win32-x86_64\bin\nio.dll
Event: 0.150 Loaded shared library C:\Users\ASUS\.vscode\extensions\redhat.java-1.55.0-win32-x64\jre\21.0.11-win32-x86_64\bin\zip.dll
Event: 0.173 Loaded shared library C:\Users\ASUS\.vscode\extensions\redhat.java-1.55.0-win32-x64\jre\21.0.11-win32-x86_64\bin\jimage.dll
Event: 0.292 Loaded shared library c:\Users\ASUS\.vscode\extensions\redhat.java-1.55.0-win32-x64\jre\21.0.11-win32-x86_64\bin\verify.dll
Event: 3.437 Loaded shared library C:\Users\ASUS\AppData\Roaming\Code\User\globalStorage\redhat.java\1.55.0\config_win\org.eclipse.equinox.launcher\org.eclipse.equinox.launcher.win32.win32.x86_64_1.3.100.v20260613-0559\eclipse_11924.dll
Event: 6.851 Loaded shared library C:\Users\ASUS\.vscode\extensions\redhat.java-1.55.0-win32-x64\jre\21.0.11-win32-x86_64\bin\management.dll
Event: 6.856 Loaded shared library C:\Users\ASUS\.vscode\extensions\redhat.java-1.55.0-win32-x64\jre\21.0.11-win32-x86_64\bin\management_ext.dll
Event: 9.079 Loaded shared library C:\Users\ASUS\AppData\Local\Temp\jna-2018896\jna13021733182855974664.dll
Event: 10.139 Loaded shared library C:\Users\ASUS\.vscode\extensions\redhat.java-1.55.0-win32-x64\jre\21.0.11-win32-x86_64\bin\sunmscapi.dll
Event: 10.284 Loaded shared library C:\Users\ASUS\.vscode\extensions\redhat.java-1.55.0-win32-x64\jre\21.0.11-win32-x86_64\bin\extnet.dll

Deoptimization events (20 events):
Event: 57.927 Thread 0x000001d1e156eb30 Uncommon trap: trap_request=0xffffffde fr.pc=0x000001d18ae32470 relative=0x00000000000035f0
Event: 57.927 Thread 0x000001d1e156eb30 Uncommon trap: reason=class_check action=maybe_recompile pc=0x000001d18ae32470 method=lombok.patcher.PatchScript$MethodPatcher.visitMethod(ILjava/lang/String;Ljava/lang/String;Ljava/lang/String;[Ljava/lang/String;)Lorg/lombokweb/asm/MethodVisitor; @ 101 c
Event: 57.927 Thread 0x000001d1e156eb30 DEOPT PACKING pc=0x000001d18ae32470 sp=0x0000004eac5fb200
Event: 57.927 Thread 0x000001d1e156eb30 DEOPT UNPACKING pc=0x000001d18a6c3aa2 sp=0x0000004eac5fb258 mode 2
Event: 57.933 Thread 0x000001d1de202e90 DEOPT PACKING pc=0x000001d18421948a sp=0x0000004eab2fe440
Event: 57.933 Thread 0x000001d1de202e90 DEOPT UNPACKING pc=0x000001d18a6c4242 sp=0x0000004eab2fd9b8 mode 0
Event: 57.939 Thread 0x000001d1e156eb30 DEOPT PACKING pc=0x000001d1836876d9 sp=0x0000004eac5facf0
Event: 57.939 Thread 0x000001d1e156eb30 DEOPT UNPACKING pc=0x000001d18a6c4242 sp=0x0000004eac5fa178 mode 0
Event: 57.949 Thread 0x000001d1de202e90 DEOPT PACKING pc=0x000001d18421948a sp=0x0000004eab2fe440
Event: 57.949 Thread 0x000001d1de202e90 DEOPT UNPACKING pc=0x000001d18a6c4242 sp=0x0000004eab2fd9b8 mode 0
Event: 57.961 Thread 0x000001d1e156eb30 DEOPT PACKING pc=0x000001d1836876d9 sp=0x0000004eac5facf0
Event: 57.961 Thread 0x000001d1e156eb30 DEOPT UNPACKING pc=0x000001d18a6c4242 sp=0x0000004eac5fa178 mode 0
Event: 57.962 Thread 0x000001d1e156eb30 DEOPT PACKING pc=0x000001d1834d5ca1 sp=0x0000004eac5faf20
Event: 57.962 Thread 0x000001d1e156eb30 DEOPT UNPACKING pc=0x000001d18a6c4242 sp=0x0000004eac5fa3e0 mode 0
Event: 57.967 Thread 0x000001d1de202e90 DEOPT PACKING pc=0x000001d18421948a sp=0x0000004eab2fe440
Event: 57.967 Thread 0x000001d1de202e90 DEOPT UNPACKING pc=0x000001d18a6c4242 sp=0x0000004eab2fd9b8 mode 0
Event: 57.978 Thread 0x000001d1e156eb30 DEOPT PACKING pc=0x000001d1836876d9 sp=0x0000004eac5face0
Event: 57.978 Thread 0x000001d1e156eb30 DEOPT UNPACKING pc=0x000001d18a6c4242 sp=0x0000004eac5fa168 mode 0
Event: 58.019 Thread 0x000001d1e156eb30 DEOPT PACKING pc=0x000001d1835253c4 sp=0x0000004eac5fb3c0
Event: 58.019 Thread 0x000001d1e156eb30 DEOPT UNPACKING pc=0x000001d18a6c4242 sp=0x0000004eac5fa888 mode 0

Classes loaded (20 events):
Event: 56.834 Loading class java/util/regex/PatternSyntaxException
Event: 56.834 Loading class java/util/regex/PatternSyntaxException done
Event: 56.849 Loading class sun/nio/cs/ThreadLocalCoders
Event: 56.850 Loading class sun/nio/cs/ThreadLocalCoders done
Event: 56.850 Loading class sun/nio/cs/ThreadLocalCoders$1
Event: 56.850 Loading class sun/nio/cs/ThreadLocalCoders$Cache
Event: 56.850 Loading class sun/nio/cs/ThreadLocalCoders$Cache done
Event: 56.850 Loading class sun/nio/cs/ThreadLocalCoders$1 done
Event: 56.850 Loading class sun/nio/cs/ThreadLocalCoders$2
Event: 56.850 Loading class sun/nio/cs/ThreadLocalCoders$2 done
Event: 57.585 Loading class java/util/Hashtable$ValueCollection
Event: 57.585 Loading class java/util/Hashtable$ValueCollection done
Event: 57.642 Loading class java/lang/invoke/MethodHandleImpl$CountingWrapper$1
Event: 57.642 Loading class java/lang/invoke/MethodHandleImpl$CountingWrapper$1 done
Event: 57.721 Loading class java/lang/UnsupportedClassVersionError
Event: 57.721 Loading class java/lang/UnsupportedClassVersionError done
Event: 57.875 Loading class java/util/stream/ReduceOps$4
Event: 57.875 Loading class java/util/stream/ReduceOps$4 done
Event: 57.875 Loading class java/util/stream/ReduceOps$4ReducingSink
Event: 57.875 Loading class java/util/stream/ReduceOps$4ReducingSink done

Classes unloaded (11 events):
Event: 8.037 Thread 0x000001d1fc966280 Unloading class 0x000001d1981b0800 'java/lang/invoke/LambdaForm$MH+0x000001d1981b0800'
Event: 8.037 Thread 0x000001d1fc966280 Unloading class 0x000001d1981b0400 'java/lang/invoke/LambdaForm$MH+0x000001d1981b0400'
Event: 8.037 Thread 0x000001d1fc966280 Unloading class 0x000001d1981b0000 'java/lang/invoke/LambdaForm$MH+0x000001d1981b0000'
Event: 8.037 Thread 0x000001d1fc966280 Unloading class 0x000001d1981afc00 'java/lang/invoke/LambdaForm$MH+0x000001d1981afc00'
Event: 8.037 Thread 0x000001d1fc966280 Unloading class 0x000001d1981af800 'java/lang/invoke/LambdaForm$BMH+0x000001d1981af800'
Event: 8.037 Thread 0x000001d1fc966280 Unloading class 0x000001d1981af400 'java/lang/invoke/LambdaForm$DMH+0x000001d1981af400'
Event: 8.037 Thread 0x000001d1fc966280 Unloading class 0x000001d1981ae000 'java/lang/invoke/LambdaForm$DMH+0x000001d1981ae000'
Event: 9.558 Thread 0x000001d1fc966280 Unloading class 0x000001d19830d000 'java/lang/invoke/LambdaForm$MH+0x000001d19830d000'
Event: 9.558 Thread 0x000001d1fc966280 Unloading class 0x000001d19830c800 'java/lang/invoke/LambdaForm$MH+0x000001d19830c800'
Event: 9.558 Thread 0x000001d1fc966280 Unloading class 0x000001d19830bc00 'java/lang/invoke/LambdaForm$MH+0x000001d19830bc00'
Event: 9.558 Thread 0x000001d1fc966280 Unloading class 0x000001d19830b800 'java/lang/invoke/LambdaForm$DMH+0x000001d19830b800'

Classes redefined (0 events):
No events

Internal exceptions (20 events):
Event: 53.544 Thread 0x000001d1e156eb30 Exception <a 'sun/nio/fs/WindowsException'{0x00000000d57b3d80}> (0x00000000d57b3d80) 
thrown [s\src\hotspot\share\prims\jni.cpp, line 520]
Event: 53.547 Thread 0x000001d1e156eb30 Implicit null exception at 0x000001d18b0707d4 to 0x000001d18b0717f8
Event: 53.547 Thread 0x000001d1e156eb30 Exception <a 'java/io/FileNotFoundException'{0x00000000d57bf410}> (0x00000000d57bf410) 
thrown [s\src\hotspot\share\prims\jni.cpp, line 520]
Event: 53.552 Thread 0x000001d1e156eb30 Implicit null exception at 0x000001d18b06d0a0 to 0x000001d18b06d18a
Event: 53.553 Thread 0x000001d1e156eb30 Exception <a 'java/io/FileNotFoundException'{0x00000000d5655bd0}> (0x00000000d5655bd0) 
thrown [s\src\hotspot\share\prims\jni.cpp, line 520]
Event: 53.553 Thread 0x000001d1e156eb30 Implicit null exception at 0x000001d18b0a9809 to 0x000001d18b0a9a94
Event: 53.554 Thread 0x000001d1e156eb30 Exception <a 'java/io/FileNotFoundException'{0x00000000d5656e88}> (0x00000000d5656e88) 
thrown [s\src\hotspot\share\prims\jni.cpp, line 520]
Event: 53.554 Thread 0x000001d1e156eb30 Exception <a 'java/io/FileNotFoundException'{0x00000000d5658268}> (0x00000000d5658268) 
thrown [s\src\hotspot\share\prims\jni.cpp, line 520]
Event: 54.177 Thread 0x000001d1de202e90 Exception <a 'java/lang/NoSuchMethodError'{0x00000000d56c5ae0}: 'java.lang.Object java.lang.invoke.DelegatingMethodHandle$Holder.reinvoke_L(java.lang.Object, int, long, java.lang.Object, java.lang.Object, int, java.lang.Object)'> (0x00000000d56c5ae0) 
thrown [s\src\hotspot\share\interpreter\linkResolver.cpp, line 773]
Event: 54.267 Thread 0x000001d1de202800 Exception <a 'java/lang/NoSuchMethodError'{0x00000000d57aa210}: 'long java.lang.invoke.Invokers$Holder.invokeExact_MT(java.lang.Object, java.lang.Object)'> (0x00000000d57aa210) 
thrown [s\src\hotspot\share\interpreter\linkResolver.cpp, line 773]
Event: 54.615 Thread 0x000001d1de202800 Exception <a 'java/lang/NoSuchMethodError'{0x00000000d567da48}: 'java.lang.Object java.lang.invoke.DirectMethodHandle$Holder.newInvokeSpecial(java.lang.Object, java.lang.Object, java.lang.Object, java.lang.Object, java.lang.Object, java.lang.Object, java.lang.Object, java.lang.Object)'> (0x00000000d567da48) 
thrown [s\src\hotspot\share\interpreter\linkResolver.cpp, line 773]
Event: 54.677 Thread 0x000001d1de202800 Exception <a 'sun/nio/fs/WindowsException'{0x00000000d57df980}> (0x00000000d57df980) 
thrown [s\src\hotspot\share\prims\jni.cpp, line 520]
Event: 54.677 Thread 0x000001d1de202800 Exception <a 'sun/nio/fs/WindowsException'{0x00000000d57e4e08}> (0x00000000d57e4e08) 
thrown [s\src\hotspot\share\prims\jni.cpp, line 520]
Event: 54.691 Thread 0x000001d1e156eb30 Exception <a 'sun/nio/fs/WindowsException'{0x00000000d5591818}> (0x00000000d5591818) 
thrown [s\src\hotspot\share\prims\jni.cpp, line 520]
Event: 54.764 Thread 0x000001d1e156eb30 Exception <a 'java/lang/NoSuchMethodError'{0x00000000d572fb30}: 'java.lang.Object java.lang.invoke.Invokers$Holder.invoke_MT(java.lang.Object, java.lang.Object, java.lang.Object, java.lang.Object, java.lang.Object, java.lang.Object, java.lang.Object, java.lang.Object, java.lang.Object, java.lang.Object)'> (0x00000000d572fb30) 
thrown [s\src\hotspot\share\interpreter\linkResolver.cpp, line 773]
Event: 55.093 Thread 0x000001d1de202e90 Implicit null exception at 0x000001d18b15ece9 to 0x000001d18b15ef08
Event: 56.154 Thread 0x000001d1e156de10 Exception <a 'sun/nio/fs/WindowsException'{0x00000000d578d1f0}> (0x00000000d578d1f0) 
thrown [s\src\hotspot\share\prims\jni.cpp, line 520]
Event: 56.154 Thread 0x000001d1e156de10 Exception <a 'sun/nio/fs/WindowsException'{0x00000000d578d550}> (0x00000000d578d550) 
thrown [s\src\hotspot\share\prims\jni.cpp, line 520]
Event: 57.728 Thread 0x000001d1e156eb30 Exception <a 'java/lang/NoSuchMethodError'{0x00000000d56187b0}: 'int java.lang.invoke.Invokers$Holder.invokeExact_MT(java.lang.Object, java.lang.Object)'> (0x00000000d56187b0) 
thrown [s\src\hotspot\share\interpreter\linkResolver.cpp, line 773]
Event: 57.793 Thread 0x000001d1e156eb30 Exception <a 'java/lang/IncompatibleClassChangeError'{0x00000000d5649de8}: Found class java.lang.Object, but interface was expected> (0x00000000d5649de8) 
thrown [s\src\hotspot\share\interpreter\linkResolver.cpp, line 840]

ZGC Phase Switch (0 events):
No events

VM Operations (20 events):
Event: 57.930 Executing safepoint VM operation: ParallelGCFailedAllocation (Allocation Failure) done
Event: 57.941 Executing safepoint VM operation: ParallelGCFailedAllocation (Allocation Failure)
Event: 57.942 Executing safepoint VM operation: ParallelGCFailedAllocation (Allocation Failure) done
Event: 57.947 Executing safepoint VM operation: ParallelGCFailedAllocation (Allocation Failure)
Event: 57.948 Executing safepoint VM operation: ParallelGCFailedAllocation (Allocation Failure) done
Event: 57.952 Executing safepoint VM operation: ParallelGCFailedAllocation (Allocation Failure)
Event: 57.953 Executing safepoint VM operation: ParallelGCFailedAllocation (Allocation Failure) done
Event: 57.957 Executing safepoint VM operation: ParallelGCFailedAllocation (Allocation Failure)
Event: 57.959 Executing safepoint VM operation: ParallelGCFailedAllocation (Allocation Failure) done
Event: 57.965 Executing safepoint VM operation: ParallelGCFailedAllocation (Allocation Failure)
Event: 57.966 Executing safepoint VM operation: ParallelGCFailedAllocation (Allocation Failure) done
Event: 57.975 Executing safepoint VM operation: ParallelGCFailedAllocation (Allocation Failure)
Event: 57.977 Executing safepoint VM operation: ParallelGCFailedAllocation (Allocation Failure) done
Event: 57.979 Executing safepoint VM operation: ParallelGCFailedAllocation (Allocation Failure)
Event: 57.981 Executing safepoint VM operation: ParallelGCFailedAllocation (Allocation Failure) done
Event: 57.983 Executing safepoint VM operation: ParallelGCFailedAllocation (Allocation Failure)
Event: 57.985 Executing safepoint VM operation: ParallelGCFailedAllocation (Allocation Failure) done
Event: 57.996 Executing safepoint VM operation: ParallelGCFailedAllocation (Allocation Failure)
Event: 58.014 Executing safepoint VM operation: ParallelGCFailedAllocation (Allocation Failure) done
Event: 58.019 Executing safepoint VM operation: ParallelGCFailedAllocation (Allocation Failure)

Memory protections (0 events):
No events

Nmethod flushes (20 events):
Event: 56.699 Thread 0x000001d1fc966280 flushing  nmethod 0x000001d183a17390
Event: 56.699 Thread 0x000001d1fc966280 flushing  nmethod 0x000001d183a3b210
Event: 56.699 Thread 0x000001d1fc966280 flushing  nmethod 0x000001d183ab1f90
Event: 56.699 Thread 0x000001d1fc966280 flushing  nmethod 0x000001d183ab3790
Event: 56.699 Thread 0x000001d1fc966280 flushing  nmethod 0x000001d183ab4a90
Event: 56.699 Thread 0x000001d1fc966280 flushing  nmethod 0x000001d183ab5690
Event: 56.699 Thread 0x000001d1fc966280 flushing  nmethod 0x000001d183abd990
Event: 56.699 Thread 0x000001d1fc966280 flushing  nmethod 0x000001d183ae4e90
Event: 56.699 Thread 0x000001d1fc966280 flushing  nmethod 0x000001d183ae7d90
Event: 56.699 Thread 0x000001d1fc966280 flushing  nmethod 0x000001d183ae9690
Event: 56.699 Thread 0x000001d1fc966280 flushing  nmethod 0x000001d183ae9c90
Event: 56.699 Thread 0x000001d1fc966280 flushing  nmethod 0x000001d183aeda10
Event: 56.699 Thread 0x000001d1fc966280 flushing  nmethod 0x000001d183aee110
Event: 56.699 Thread 0x000001d1fc966280 flushing  nmethod 0x000001d183af0390
Event: 56.699 Thread 0x000001d1fc966280 flushing  nmethod 0x000001d183b0a110
Event: 56.699 Thread 0x000001d1fc966280 flushing  nmethod 0x000001d183b0cb10
Event: 56.699 Thread 0x000001d1fc966280 flushing  nmethod 0x000001d183b0ce10
Event: 56.699 Thread 0x000001d1fc966280 flushing  nmethod 0x000001d183b5cd10
Event: 56.699 Thread 0x000001d1fc966280 flushing  nmethod 0x000001d183b66610
Event: 56.699 Thread 0x000001d1fc966280 flushing  nmethod 0x000001d183b6ca10

Events (20 events):
Event: 23.801 Thread 0x000001d1dd507720 Thread exited: 0x000001d1dd507720
Event: 23.801 Thread 0x000001d1dd5034e0 Thread exited: 0x000001d1dd5034e0
Event: 23.801 Thread 0x000001d1dd502a60 Thread exited: 0x000001d1dd502a60
Event: 23.801 Thread 0x000001d1dd94f5d0 Thread exited: 0x000001d1dd94f5d0
Event: 23.801 Thread 0x000001d1de204240 Thread exited: 0x000001d1de204240
Event: 23.802 Thread 0x000001d1dd503df0 Thread exited: 0x000001d1dd503df0
Event: 23.804 Thread 0x000001d1dd946c90 Thread exited: 0x000001d1dd946c90
Event: 32.357 Thread 0x000001d19631cf10 Thread added: 0x000001d1e01b22a0
Event: 32.357 Thread 0x000001d19631cf10 Thread added: 0x000001d1e01b5250
Event: 32.617 Thread 0x000001d1e1572640 Thread exited: 0x000001d1e1572640
Event: 34.814 Thread 0x000001d1e01b5250 Thread exited: 0x000001d1e01b5250
Event: 35.098 Thread 0x000001d1e01b22a0 Thread exited: 0x000001d1e01b22a0
Event: 52.939 Thread 0x000001d1dd011370 Thread added: 0x000001d1e01b5250
Event: 53.266 Thread 0x000001d1e01b5250 Thread exited: 0x000001d1e01b5250
Event: 53.293 Thread 0x000001d19631cf10 Thread added: 0x000001d1e01b3de0
Event: 53.591 Thread 0x000001d1e01b3de0 Thread added: 0x000001d1e01b44b0
Event: 54.228 Thread 0x000001d1de202800 Thread added: 0x000001d1e1572cd0
Event: 54.235 Thread 0x000001d1e1572cd0 Thread exited: 0x000001d1e1572cd0
Event: 54.257 Thread 0x000001d1de202800 Thread added: 0x000001d1e1572cd0
Event: 54.259 Thread 0x000001d1e1572cd0 Thread exited: 0x000001d1e1572cd0


Dynamic libraries:
0x00007ff7930e0000 - 0x00007ff7930ee000 	c:\Users\ASUS\.vscode\extensions\redhat.java-1.55.0-win32-x64\jre\21.0.11-win32-x86_64\bin\java.exe
0x00007ffb2c820000 - 0x00007ffb2ca86000 	C:\WINDOWS\SYSTEM32\ntdll.dll
0x00007ffb2ab20000 - 0x00007ffb2abe9000 	C:\WINDOWS\System32\KERNEL32.DLL
0x00007ffb29bf0000 - 0x00007ffb29ff0000 	C:\WINDOWS\System32\KERNELBASE.dll
0x00007ffb26460000 - 0x00007ffb26500000 	C:\WINDOWS\SYSTEM32\apphelp.dll
0x00007ffb2a280000 - 0x00007ffb2a3cc000 	C:\WINDOWS\System32\ucrtbase.dll
0x00007ffaea020000 - 0x00007ffaea03e000 	c:\Users\ASUS\.vscode\extensions\redhat.java-1.55.0-win32-x64\jre\21.0.11-win32-x86_64\bin\VCRUNTIME140.dll
0x00007ffaea040000 - 0x00007ffaea058000 	c:\Users\ASUS\.vscode\extensions\redhat.java-1.55.0-win32-x64\jre\21.0.11-win32-x86_64\bin\jli.dll
0x00007ffb2ad60000 - 0x00007ffb2af27000 	C:\WINDOWS\System32\USER32.dll
0x00007ffb15210000 - 0x00007ffb154a2000 	C:\WINDOWS\WinSxS\amd64_microsoft.windows.common-controls_6595b64144ccf1df_6.0.26100.8737_none_3e092eaee333b772\COMCTL32.dll
0x00007ffb29bc0000 - 0x00007ffb29be7000 	C:\WINDOWS\System32\win32u.dll
0x00007ffb2c1c0000 - 0x00007ffb2c269000 	C:\WINDOWS\System32\msvcrt.dll
0x00007ffb2a610000 - 0x00007ffb2a63b000 	C:\WINDOWS\System32\GDI32.dll
0x00007ffb2a150000 - 0x00007ffb2a279000 	C:\WINDOWS\System32\gdi32full.dll
0x00007ffb2a4a0000 - 0x00007ffb2a543000 	C:\WINDOWS\System32\msvcp_win.dll
0x00007ffb2a640000 - 0x00007ffb2a672000 	C:\WINDOWS\System32\IMM32.DLL
0x00007ffb05fe0000 - 0x00007ffb05fec000 	c:\Users\ASUS\.vscode\extensions\redhat.java-1.55.0-win32-x64\jre\21.0.11-win32-x86_64\bin\vcruntime140_1.dll
0x00007ffac12a0000 - 0x00007ffac132d000 	c:\Users\ASUS\.vscode\extensions\redhat.java-1.55.0-win32-x64\jre\21.0.11-win32-x86_64\bin\msvcp140.dll
0x00007ffa71ef0000 - 0x00007ffa72c92000 	c:\Users\ASUS\.vscode\extensions\redhat.java-1.55.0-win32-x64\jre\21.0.11-win32-x86_64\bin\server\jvm.dll
0x00007ffb2be60000 - 0x00007ffb2bf17000 	C:\WINDOWS\System32\ADVAPI32.dll
0x00007ffb2b210000 - 0x00007ffb2b2ba000 	C:\WINDOWS\System32\sechost.dll
0x00007ffb2bf20000 - 0x00007ffb2c038000 	C:\WINDOWS\System32\RPCRT4.dll
0x00007ffb2aa70000 - 0x00007ffb2aaf0000 	C:\WINDOWS\System32\WS2_32.dll
0x00007ffb298a0000 - 0x00007ffb298fe000 	C:\WINDOWS\SYSTEM32\POWRPROF.dll
0x00007ffb17710000 - 0x00007ffb17746000 	C:\WINDOWS\SYSTEM32\WINMM.dll
0x00007ffb22400000 - 0x00007ffb2240b000 	C:\WINDOWS\SYSTEM32\VERSION.dll
0x00007ffb29880000 - 0x00007ffb29894000 	C:\WINDOWS\SYSTEM32\UMPDC.dll
0x00007ffb286e0000 - 0x00007ffb286fb000 	C:\WINDOWS\SYSTEM32\kernel.appcore.dll
0x00007ffb05f80000 - 0x00007ffb05f8a000 	c:\Users\ASUS\.vscode\extensions\redhat.java-1.55.0-win32-x64\jre\21.0.11-win32-x86_64\bin\jimage.dll
0x00007ffb26f60000 - 0x00007ffb271a2000 	C:\WINDOWS\SYSTEM32\DBGHELP.DLL
0x00007ffb2a6e0000 - 0x00007ffb2aa63000 	C:\WINDOWS\System32\combase.dll
0x00007ffb2b5d0000 - 0x00007ffb2b6a9000 	C:\WINDOWS\System32\OLEAUT32.dll
0x00007ffb13990000 - 0x00007ffb139cb000 	C:\WINDOWS\SYSTEM32\dbgcore.DLL
0x00007ffb2a3e0000 - 0x00007ffb2a48c000 	C:\WINDOWS\System32\bcryptPrimitives.dll
0x00007ffb05e70000 - 0x00007ffb05e7f000 	c:\Users\ASUS\.vscode\extensions\redhat.java-1.55.0-win32-x64\jre\21.0.11-win32-x86_64\bin\instrument.dll
0x00007ffae9fd0000 - 0x00007ffae9ff0000 	c:\Users\ASUS\.vscode\extensions\redhat.java-1.55.0-win32-x64\jre\21.0.11-win32-x86_64\bin\java.dll
0x00007ffb2b6b0000 - 0x00007ffb2be42000 	C:\WINDOWS\System32\SHELL32.dll
0x00007ffb274c0000 - 0x00007ffb27d52000 	C:\WINDOWS\SYSTEM32\windows.storage.dll
0x00007ffb2b2c0000 - 0x00007ffb2b3b7000 	C:\WINDOWS\System32\SHCORE.dll
0x00007ffb2c150000 - 0x00007ffb2c1b7000 	C:\WINDOWS\System32\shlwapi.dll
0x00007ffb29960000 - 0x00007ffb29989000 	C:\WINDOWS\SYSTEM32\profapi.dll
0x00007ffae8a80000 - 0x00007ffae8a98000 	c:\Users\ASUS\.vscode\extensions\redhat.java-1.55.0-win32-x64\jre\21.0.11-win32-x86_64\bin\zip.dll
0x00007ffb01480000 - 0x00007ffb01490000 	C:\Users\ASUS\.vscode\extensions\redhat.java-1.55.0-win32-x64\jre\21.0.11-win32-x86_64\bin\net.dll
0x00007ffb22410000 - 0x00007ffb22539000 	C:\WINDOWS\SYSTEM32\WINHTTP.dll
0x00007ffb28c70000 - 0x00007ffb28cdc000 	C:\WINDOWS\system32\mswsock.dll
0x00007ffae4ff0000 - 0x00007ffae5006000 	C:\Users\ASUS\.vscode\extensions\redhat.java-1.55.0-win32-x64\jre\21.0.11-win32-x86_64\bin\nio.dll
0x00007ffafc9c0000 - 0x00007ffafc9d0000 	c:\Users\ASUS\.vscode\extensions\redhat.java-1.55.0-win32-x64\jre\21.0.11-win32-x86_64\bin\verify.dll
0x00007ffac2330000 - 0x00007ffac2375000 	C:\Users\ASUS\AppData\Roaming\Code\User\globalStorage\redhat.java\1.55.0\config_win\org.eclipse.equinox.launcher\org.eclipse.equinox.launcher.win32.win32.x86_64_1.3.100.v20260613-0559\eclipse_11924.dll
0x00007ffb2b070000 - 0x00007ffb2b209000 	C:\WINDOWS\System32\ole32.dll
0x00007ffafc820000 - 0x00007ffafc82a000 	C:\Users\ASUS\.vscode\extensions\redhat.java-1.55.0-win32-x64\jre\21.0.11-win32-x86_64\bin\management.dll
0x00007ffafc800000 - 0x00007ffafc80c000 	C:\Users\ASUS\.vscode\extensions\redhat.java-1.55.0-win32-x64\jre\21.0.11-win32-x86_64\bin\management_ext.dll
0x00007ffb2be50000 - 0x00007ffb2be58000 	C:\WINDOWS\System32\PSAPI.DLL
0x00007ffb290a0000 - 0x00007ffb290bb000 	C:\WINDOWS\SYSTEM32\CRYPTSP.dll
0x00007ffb28640000 - 0x00007ffb28679000 	C:\WINDOWS\system32\rsaenh.dll
0x00007ffb28d30000 - 0x00007ffb28d62000 	C:\WINDOWS\SYSTEM32\USERENV.dll
0x00007ffb29930000 - 0x00007ffb2995a000 	C:\WINDOWS\SYSTEM32\bcrypt.dll
0x00007ffb28ee0000 - 0x00007ffb28eec000 	C:\WINDOWS\SYSTEM32\CRYPTBASE.dll
0x00007ffb28090000 - 0x00007ffb280c3000 	C:\WINDOWS\SYSTEM32\IPHLPAPI.DLL
0x00007ffb2b5a0000 - 0x00007ffb2b5aa000 	C:\WINDOWS\System32\NSI.dll
0x00007ffac10d0000 - 0x00007ffac1119000 	C:\Users\ASUS\AppData\Local\Temp\jna-2018896\jna13021733182855974664.dll
0x00007ffb22310000 - 0x00007ffb2232d000 	C:\WINDOWS\SYSTEM32\dhcpcsvc6.DLL
0x00007ffb21620000 - 0x00007ffb21645000 	C:\WINDOWS\SYSTEM32\dhcpcsvc.DLL
0x00007ffafc0e0000 - 0x00007ffafc0ee000 	C:\Users\ASUS\.vscode\extensions\redhat.java-1.55.0-win32-x64\jre\21.0.11-win32-x86_64\bin\sunmscapi.dll
0x00007ffb29a40000 - 0x00007ffb29bb8000 	C:\WINDOWS\System32\CRYPT32.dll
0x00007ffb29210000 - 0x00007ffb29240000 	C:\WINDOWS\SYSTEM32\ncrypt.dll
0x00007ffb291c0000 - 0x00007ffb291ff000 	C:\WINDOWS\SYSTEM32\NTASN1.dll
0x00007ffb280d0000 - 0x00007ffb28225000 	C:\WINDOWS\SYSTEM32\DNSAPI.dll
0x00007ffb28a90000 - 0x00007ffb28a9d000 	C:\WINDOWS\SYSTEM32\DSPARSE.dll
0x00007ffb22300000 - 0x00007ffb2230b000 	C:\Windows\System32\rasadhlp.dll
0x00007ffb1f130000 - 0x00007ffb1f1b6000 	C:\WINDOWS\System32\fwpuclnt.dll
0x00007ffaf7610000 - 0x00007ffaf7619000 	C:\Users\ASUS\.vscode\extensions\redhat.java-1.55.0-win32-x64\jre\21.0.11-win32-x86_64\bin\extnet.dll

JVMTI agents:
c:\Users\ASUS\.vscode\extensions\redhat.java-1.55.0-win32-x64\lombok\lombok-1.18.39-4050.jar path:c:\Users\ASUS\.vscode\extensions\redhat.java-1.55.0-win32-x64\jre\21.0.11-win32-x86_64\bin\instrument.dll, loaded, initialized, instrumentlib options:none

dbghelp: loaded successfully - version: 4.0.5 - missing functions: none
symbol engine: initialized successfully - sym options: 0x614 - pdb path: .;c:\Users\ASUS\.vscode\extensions\redhat.java-1.55.0-win32-x64\jre\21.0.11-win32-x86_64\bin;C:\WINDOWS\SYSTEM32;C:\WINDOWS\WinSxS\amd64_microsoft.windows.common-controls_6595b64144ccf1df_6.0.26100.8737_none_3e092eaee333b772;c:\Users\ASUS\.vscode\extensions\redhat.java-1.55.0-win32-x64\jre\21.0.11-win32-x86_64\bin\server;C:\Users\ASUS\AppData\Roaming\Code\User\globalStorage\redhat.java\1.55.0\config_win\org.eclipse.equinox.launcher\org.eclipse.equinox.launcher.win32.win32.x86_64_1.3.100.v20260613-0559;C:\Users\ASUS\AppData\Local\Temp\jna-2018896

VM Arguments:
jvm_args: --add-modules=ALL-SYSTEM --add-opens=java.base/java.util=ALL-UNNAMED --add-opens=java.base/java.lang=ALL-UNNAMED --add-opens=java.base/sun.nio.fs=ALL-UNNAMED -Declipse.application=org.eclipse.jdt.ls.core.id1 -Dosgi.bundles.defaultStartLevel=4 -Declipse.product=org.eclipse.jdt.ls.core.product -Djava.import.generatesMetadataFilesAtProjectRoot=false -DDetectVMInstallationsJob.disabled=true -Dfile.encoding=utf8 -XX:+UseParallelGC -XX:GCTimeRatio=4 -XX:AdaptiveSizePolicyWeight=90 -Dsun.zip.disableMemoryMapping=true -Xmx2G -Xms100m -Xlog:disable -javaagent:c:\Users\ASUS\.vscode\extensions\redhat.java-1.55.0-win32-x64\lombok\lombok-1.18.39-4050.jar -XX:+HeapDumpOnOutOfMemoryError -XX:HeapDumpPath=c:\Users\ASUS\AppData\Roaming\Code\User\workspaceStorage\7f8bfbe26b656d3680bbae974f87e4f4\redhat.java -Daether.dependencyCollector.impl=bf 
java_command: c:\Users\ASUS\.vscode\extensions\redhat.java-1.55.0-win32-x64\server\plugins\org.eclipse.equinox.launcher_1.7.200.v20260619-2039.jar -configuration c:\Users\ASUS\AppData\Roaming\Code\User\globalStorage\redhat.java\1.55.0\config_win -data c:\Users\ASUS\AppData\Roaming\Code\User\workspaceStorage\7f8bfbe26b656d3680bbae974f87e4f4\redhat.java\jdt_ws --pipe=\\.\pipe\lsp-1dea98a67b785a5291bfecd63404bea3-sock
java_class_path (initial): c:\Users\ASUS\.vscode\extensions\redhat.java-1.55.0-win32-x64\server\plugins\org.eclipse.equinox.launcher_1.7.200.v20260619-2039.jar
Launcher Type: SUN_STANDARD

[Global flags]
    uintx AdaptiveSizePolicyWeight                 = 90                                        {product} {command line}
     intx CICompilerCount                          = 4                                         {product} {ergonomic}
    uintx GCTimeRatio                              = 4                                         {product} {command line}
     bool HeapDumpOnOutOfMemoryError               = true                                   {manageable} {command line}
    ccstr HeapDumpPath                             = c:\Users\ASUS\AppData\Roaming\Code\User\workspaceStorage\7f8bfbe26b656d3680bbae974f87e4f4\redhat.java         {manageable} {command line}
   size_t InitialHeapSize                          = 104857600                                 {product} {command line}
   size_t MaxHeapSize                              = 2147483648                                {product} {command line}
   size_t MaxNewSize                               = 715653120                                 {product} {ergonomic}
   size_t MinHeapDeltaBytes                        = 524288                                    {product} {ergonomic}
   size_t MinHeapSize                              = 104857600                                 {product} {command line}
   size_t NewSize                                  = 34603008                                  {product} {ergonomic}
    uintx NonNMethodCodeHeapSize                   = 5839372                                {pd product} {ergonomic}
    uintx NonProfiledCodeHeapSize                  = 122909434                              {pd product} {ergonomic}
   size_t OldSize                                  = 70254592                                  {product} {ergonomic}
    uintx ProfiledCodeHeapSize                     = 122909434                              {pd product} {ergonomic}
    uintx ReservedCodeCacheSize                    = 251658240                              {pd product} {ergonomic}
     bool SegmentedCodeCache                       = true                                      {product} {ergonomic}
   size_t SoftMaxHeapSize                          = 2147483648                             {manageable} {ergonomic}
     bool UseCompressedOops                        = true                           {product lp64_product} {ergonomic}
     bool UseLargePagesIndividualAllocation        = false                                  {pd product} {ergonomic}
     bool UseParallelGC                            = true                                      {product} {command line}

Logging:
Log output configuration:
 #0: stdout all=off uptime,level,tags foldmultilines=false
 #1: stderr all=off uptime,level,tags foldmultilines=false

Release file:
JAVA_VERSION="21.0.11" 
MODULES="java.base java.compiler java.datatransfer java.xml java.prefs java.desktop java.instrument java.logging java.management java.security.sasl java.naming java.rmi java.management.rmi java.net.http java.scripting java.security.jgss java.transaction.xa java.sql java.sql.rowset java.xml.crypto java.se java.smartcardio jdk.accessibility jdk.internal.jvmstat jdk.attach jdk.charsets jdk.internal.opt jdk.zipfs jdk.compiler jdk.crypto.ec jdk.crypto.cryptoki jdk.crypto.mscapi jdk.dynalink jdk.internal.ed jdk.editpad jdk.hotspot.agent jdk.httpserver jdk.internal.le jdk.internal.vm.ci jdk.internal.vm.compiler jdk.internal.vm.compiler.management jdk.jartool jdk.javadoc jdk.jcmd jdk.management jdk.management.agent jdk.jconsole jdk.jdeps jdk.jdwp.agent jdk.jdi jdk.jfr jdk.jshell jdk.jsobject jdk.jstatd jdk.localedata jdk.management.jfr jdk.naming.dns jdk.naming.rmi jdk.net jdk.nio.mapmode jdk.random jdk.sctp jdk.security.auth jdk.security.jgss jdk.unsupported jdk.unsupported.desktop jdk.xml.dom" 

Environment Variables:
PATH=C:\Program Files\Common Files\Oracle\Java\javapath;C:\Program Files (x86)\VMware\VMware Workstation\bin\;C:\WINDOWS\system32;C:\WINDOWS;C:\WINDOWS\System32\Wbem;C:\WINDOWS\System32\WindowsPowerShell\v1.0\;C:\WINDOWS\System32\OpenSSH\;C:\Program Files\dotnet\;C:\Program Files\nodejs\;C:\apache-maven-3.9.9;C:\mysql-9.3.0-winx64.zip\mysql-9.3.0-winx64;C:\Program Files\Git\cmd;C:\Program Files\PowerShell\7\;C:\Program Files (x86)\dotnet\;C:\Program Files\Docker\Docker\resources\bin;D:\cursor\resources\app\bin;C:\Users\ASUS\AppData\Local\Programs\Python\Launcher\;C:\Program Files (x86)\VMware\VMware Workstation\bin\;C:\WINDOWS\system32;C:\WINDOWS;C:\WINDOWS\System32\Wbem;C:\WINDOWS\System32\WindowsPowerShell\v1.0\;C:\WINDOWS\System32\OpenSSH\;C:\Program Files\dotnet\;C:\Program Files\nodejs\;C:\Program Files\Git\cmd;C:\Program Files\PowerShell\7\;C:\Program Files (x86)\dotnet\;D:\maven\apache-maven-3.9.14\bin;C:\Users\ASUS\AppData\Local\Muse Hub\lib;C:\Users\ASUS\AppData\Roaming\npm;C:\Users\ASUS\AppData\Local\Programs\Microsoft VS Code\bin;C:\Program Files\JetBrains\IntelliJ IDEA 2025.1.1.1\bin;D:\php;C:\Users\ASUS\Music\Devin\bin;C:\Users\ASUS\AppData\Local\studio_app\bin;D:\Antigravity IDE\bin;C:\Program Files\PostgreSQL\17\bin;D:\java21\bin;D:\intellij25.2.0\IntelliJ IDEA 2025.2.5\bin;D:\intellji25\IntelliJ IDEA Community Edition 2025.2.5\bin;D:\cursor\resources\app\bin;D:\Devin\bin;C:\Users\ASUS\AppData\Local\Programs\Antigravity IDE\bin
USERNAME=ASUS
OS=Windows_NT
PROCESSOR_IDENTIFIER=Intel64 Family 6 Model 158 Stepping 10, GenuineIntel
TMP=C:\Users\ASUS\AppData\Local\Temp
TEMP=C:\Users\ASUS\AppData\Local\Temp




Periodic native trim disabled

---------------  S Y S T E M  ---------------

OS:
 Windows 11 , 64 bit Build 26100 (10.0.26100.8737)
OS uptime: 0 days 2:16 hours
Hyper-V role detected

CPU: total 8 (initial active 8) (4 cores per cpu, 2 threads per core) family 6 model 158 stepping 10 microcode 0xde, cx8, cmov, fxsr, ht, mmx, 3dnowpref, sse, sse2, sse3, ssse3, sse4.1, sse4.2, popcnt, lzcnt, tsc, tscinvbit, avx, avx2, aes, erms, clmul, bmi1, bmi2, adx, fma, vzeroupper, clflush, clflushopt, hv, rdtscp, f16c
Processor Information for the first 8 processors :
  Max Mhz: 2304, Current Mhz: 2304, Mhz Limit: 2304

Memory: 4k page, system-wide physical 16236M (2023M free)
TotalPageFile size 18284M (AvailPageFile size 6M)
current process WorkingSet (physical memory assigned to process): 524M, peak: 528M
current process commit charge ("private bytes"): 558M, peak: 563M

vm_info: OpenJDK 64-Bit Server VM (21.0.11+10-LTS) for windows-amd64 JRE (21.0.11+10-LTS), built on 2026-04-21T00:00:00Z by "admin" with MS VC++ 17.12 (VS2022)

END.
